<?xml version="1.0" encoding="UTF-8"?>
<TestRun id="263e4637-8fe4-4dbb-8b9c-2887ed55c80d" name="samsung@SAMSUNG-PC 2018-03-23 13:31:56" runUser="samsung-PC\samsung" xmlns="http://microsoft.com/schemas/VisualStudio/TeamTest/2010">
  <TestSettings name="Локальные" id="636dc71c-ee14-4ea2-9d7c-f8610282730e">
    <Description>Это - параметры по умолчанию для локального тестового запуска.</Description>
    <Deployment enabled="false" runDeploymentRoot="samsung_SAMSUNG-PC 2018-03-23 13_31_56">
      <DeploymentItem filename="D:\универ\6 семестр\твоп\3 блок\3\3\bin\Debug\3.exe" />
    </Deployment>
    <Execution>
      <TestTypeSpecific />
      <AgentRule name="Execution Agents">
      </AgentRule>
    </Execution>
  </TestSettings>
  <Times creation="2018-03-23T13:31:56.4841914+03:00" queuing="2018-03-23T13:31:56.6502009+03:00" start="2018-03-23T13:31:56.6682020+03:00" finish="2018-03-23T13:31:57.6072557+03:00" />
  <ResultSummary outcome="Failed">
    <Counters total="3" executed="3" passed="1" error="0" failed="2" timeout="0" aborted="0" inconclusive="0" passedButRunAborted="0" notRunnable="0" notExecuted="0" disconnected="0" warning="0" completed="0" inProgress="0" pending="0" />
  </ResultSummary>
  <TestDefinitions>
    <UnitTest name="TestMethod3" storage="d:\универ\6 семестр\твоп\3 блок\3\utests\bin\debug\utests.dll" id="8e26141a-dd1d-59cc-c6a4-6771cc97c26c">
      <Execution id="8ab7c8e2-3025-4859-818c-d5120f619fd4" />
      <TestMethod codeBase="D:/универ/6 семестр/твоп/3 блок/3/UTests/bin/Debug/UTests.DLL" adapterTypeName="Microsoft.VisualStudio.TestTools.TestTypes.Unit.UnitTestAdapter, Microsoft.VisualStudio.QualityTools.Tips.UnitTest.Adapter, Version=10.0.0.0, Culture=neutral, PublicKeyToken=b03f5f7f11d50a3a" className="UTests.UnitTest1, UTests, Version=1.0.0.0, Culture=neutral, PublicKeyToken=null" name="TestMethod3" />
    </UnitTest>
    <UnitTest name="TestMethod1" storage="d:\универ\6 семестр\твоп\3 блок\3\utests\bin\debug\utests.dll" id="28c1eea9-3bf7-8f9f-7a38-ae3b5ed34007">
      <Execution id="bcfcb033-ff1c-4800-84e8-810b74ff457e" />
      <TestMethod codeBase="D:/универ/6 семестр/твоп/3 блок/3/UTests/bin/Debug/UTests.DLL" adapterTypeName="Microsoft.VisualStudio.TestTools.TestTypes.Unit.UnitTestAdapter, Microsoft.VisualStudio.QualityTools.Tips.UnitTest.Adapter, Version=10.0.0.0, Culture=neutral, PublicKeyToken=b03f5f7f11d50a3a" className="UTests.UnitTest1, UTests, Version=1.0.0.0, Culture=neutral, PublicKeyToken=null" name="TestMethod1" />
    </UnitTest>
    <UnitTest name="TestMethod2" storage="d:\универ\6 семестр\твоп\3 блок\3\utests\bin\debug\utests.dll" id="08d46847-8e69-ad66-ddb5-929578b49797">
      <Execution id="365c2761-478e-4b2d-9f9c-2bf9c2866fa0" />
      <TestMethod codeBase="D:/универ/6 семестр/твоп/3 блок/3/UTests/bin/Debug/UTests.DLL" adapterTypeName="Microsoft.VisualStudio.TestTools.TestTypes.Unit.UnitTestAdapter, Microsoft.VisualStudio.QualityTools.Tips.UnitTest.Adapter, Version=10.0.0.0, Culture=neutral, PublicKeyToken=b03f5f7f11d50a3a" className="UTests.UnitTest1, UTests, Version=1.0.0.0, Culture=neutral, PublicKeyToken=null" name="TestMethod2" />
    </UnitTest>
  </TestDefinitions>
  <TestLists>
    <TestList name="Отсутствующие в списке результаты" id="8c84fa94-04c1-424b-9868-57a2d4851a1d" />
    <TestList name="Все загруженные результаты" id="19431567-8539-422a-85d7-44ee4e166bda" />
  </TestLists>
  <TestEntries>
    <TestEntry testId="08d46847-8e69-ad66-ddb5-929578b49797" executionId="365c2761-478e-4b2d-9f9c-2bf9c2866fa0" testListId="8c84fa94-04c1-424b-9868-57a2d4851a1d" />
    <TestEntry testId="28c1eea9-3bf7-8f9f-7a38-ae3b5ed34007" executionId="bcfcb033-ff1c-4800-84e8-810b74ff457e" testListId="8c84fa94-04c1-424b-9868-57a2d4851a1d" />
    <TestEntry testId="8e26141a-dd1d-59cc-c6a4-6771cc97c26c" executionId="8ab7c8e2-3025-4859-818c-d5120f619fd4" testListId="8c84fa94-04c1-424b-9868-57a2d4851a1d" />
  </TestEntries>
  <Results>
    <UnitTestResult executionId="365c2761-478e-4b2d-9f9c-2bf9c2866fa0" testId="08d46847-8e69-ad66-ddb5-929578b49797" testName="TestMethod2" computerName="SAMSUNG-PC" duration="00:00:00.1109421" startTime="2018-03-23T13:31:56.7072042+03:00" endTime="2018-03-23T13:31:57.4592472+03:00" testType="13cdc9d9-ddb5-4fa4-a97d-d965ccfc6d4b" outcome="Failed" testListId="8c84fa94-04c1-424b-9868-57a2d4851a1d" relativeResultsDirectory="365c2761-478e-4b2d-9f9c-2bf9c2866fa0">
      <Output>
        <ErrorInfo>
          <Message>Ошибка в Assert.AreEqual. Ожидается: &lt;True&gt;. Фактически: &lt;False&gt;. </Message>
          <StackTrace>   в UTests.UnitTest1.TestMethod2() в D:\универ\6 семестр\твоп\3 блок\3\UTests\UnitTest1.cs:строка 32
</StackTrace>
        </ErrorInfo>
      </Output>
    </UnitTestResult>
    <UnitTestResult executionId="bcfcb033-ff1c-4800-84e8-810b74ff457e" testId="28c1eea9-3bf7-8f9f-7a38-ae3b5ed34007" testName="TestMethod1" computerName="SAMSUNG-PC" duration="00:00:00.0194178" startTime="2018-03-23T13:31:57.4892489+03:00" endTime="2018-03-23T13:31:57.5202507+03:00" testType="13cdc9d9-ddb5-4fa4-a97d-d965ccfc6d4b" outcome="Passed" testListId="8c84fa94-04c1-424b-9868-57a2d4851a1d" relativeResultsDirectory="bcfcb033-ff1c-4800-84e8-810b74ff457e">
    </UnitTestResult>
    <UnitTestResult executionId="8ab7c8e2-3025-4859-818c-d5120f619fd4" testId="8e26141a-dd1d-59cc-c6a4-6771cc97c26c" testName="TestMethod3" computerName="SAMSUNG-PC" duration="00:00:00.0171966" startTime="2018-03-23T13:31:57.5302513+03:00" endTime="2018-03-23T13:31:57.5522525+03:00" testType="13cdc9d9-ddb5-4fa4-a97d-d965ccfc6d4b" outcome="Failed" testListId="8c84fa94-04c1-424b-9868-57a2d4851a1d" relativeResultsDirectory="8ab7c8e2-3025-4859-818c-d5120f619fd4">
      <Output>
        <ErrorInfo>
          <Message>Ошибка в Assert.AreEqual. Ожидается: &lt;True&gt;. Фактически: &lt;False&gt;. </Message>
          <StackTrace>   в UTests.UnitTest1.TestMethod3() в D:\универ\6 семестр\твоп\3 блок\3\UTests\UnitTest1.cs:строка 38
</StackTrace>
        </ErrorInfo>
      </Output>
    </UnitTestResult>
  </Results>
</TestRun>