<?xml version="1.0" encoding="UTF-8"?>
<TestRun id="3e406a51-93b5-44a0-b569-059717861ba9" name="samsung@SAMSUNG-PC 2018-03-23 13:50:21" runUser="samsung-PC\samsung" xmlns="http://microsoft.com/schemas/VisualStudio/TeamTest/2010">
  <TestSettings name="Локальные" id="636dc71c-ee14-4ea2-9d7c-f8610282730e">
    <Description>Это - параметры по умолчанию для локального тестового запуска.</Description>
    <Deployment enabled="false" runDeploymentRoot="samsung_SAMSUNG-PC 2018-03-23 13_50_21">
      <DeploymentItem filename="D:\универ\6 семестр\твоп\3 блок\3\3\bin\Debug\3.exe" />
    </Deployment>
    <Execution>
      <TestTypeSpecific />
      <AgentRule name="Execution Agents">
      </AgentRule>
    </Execution>
  </TestSettings>
  <Times creation="2018-03-23T13:50:21.5523977+03:00" queuing="2018-03-23T13:50:21.6504033+03:00" start="2018-03-23T13:50:21.6744047+03:00" finish="2018-03-23T13:50:22.4784507+03:00" />
  <ResultSummary outcome="Failed">
    <Counters total="7" executed="7" passed="3" error="0" failed="4" timeout="0" aborted="0" inconclusive="0" passedButRunAborted="0" notRunnable="0" notExecuted="0" disconnected="0" warning="0" completed="0" inProgress="0" pending="0" />
  </ResultSummary>
  <TestDefinitions>
    <UnitTest name="TestMethod4" storage="d:\универ\6 семестр\твоп\3 блок\3\utests\bin\debug\utests.dll" id="8d2fc632-eaef-cb04-69d0-9d114f7b9b09">
      <Execution id="cf0f10d2-9912-4ab7-a25d-be068d2047b4" />
      <TestMethod codeBase="D:/универ/6 семестр/твоп/3 блок/3/UTests/bin/Debug/UTests.DLL" adapterTypeName="Microsoft.VisualStudio.TestTools.TestTypes.Unit.UnitTestAdapter, Microsoft.VisualStudio.QualityTools.Tips.UnitTest.Adapter, Version=10.0.0.0, Culture=neutral, PublicKeyToken=b03f5f7f11d50a3a" className="UTests.UnitTest1, UTests, Version=1.0.0.0, Culture=neutral, PublicKeyToken=null" name="TestMethod4" />
    </UnitTest>
    <UnitTest name="TestMethod2" storage="d:\универ\6 семестр\твоп\3 блок\3\utests\bin\debug\utests.dll" id="08d46847-8e69-ad66-ddb5-929578b49797">
      <Execution id="01174f66-d9b5-4ea0-8eda-03b3cb68e285" />
      <TestMethod codeBase="D:/универ/6 семестр/твоп/3 блок/3/UTests/bin/Debug/UTests.DLL" adapterTypeName="Microsoft.VisualStudio.TestTools.TestTypes.Unit.UnitTestAdapter, Microsoft.VisualStudio.QualityTools.Tips.UnitTest.Adapter, Version=10.0.0.0, Culture=neutral, PublicKeyToken=b03f5f7f11d50a3a" className="UTests.UnitTest1, UTests, Version=1.0.0.0, Culture=neutral, PublicKeyToken=null" name="TestMethod2" />
    </UnitTest>
    <UnitTest name="TestMethod5" storage="d:\универ\6 семестр\твоп\3 блок\3\utests\bin\debug\utests.dll" id="f45d2b56-5f35-a57c-657d-0217b6393cef">
      <Execution id="06ab2240-8543-4ae3-872f-4720cf9bc4e8" />
      <TestMethod codeBase="D:/универ/6 семестр/твоп/3 блок/3/UTests/bin/Debug/UTests.DLL" adapterTypeName="Microsoft.VisualStudio.TestTools.TestTypes.Unit.UnitTestAdapter, Microsoft.VisualStudio.QualityTools.Tips.UnitTest.Adapter, Version=10.0.0.0, Culture=neutral, PublicKeyToken=b03f5f7f11d50a3a" className="UTests.UnitTest1, UTests, Version=1.0.0.0, Culture=neutral, PublicKeyToken=null" name="TestMethod5" />
    </UnitTest>
    <UnitTest name="TestMethod7" storage="d:\универ\6 семестр\твоп\3 блок\3\utests\bin\debug\utests.dll" id="b0d38483-4483-bee0-1af7-2dd2c85c2026">
      <Execution id="50a8df1a-4cf9-49c9-bc08-dcc34804d443" />
      <TestMethod codeBase="D:/универ/6 семестр/твоп/3 блок/3/UTests/bin/Debug/UTests.DLL" adapterTypeName="Microsoft.VisualStudio.TestTools.TestTypes.Unit.UnitTestAdapter, Microsoft.VisualStudio.QualityTools.Tips.UnitTest.Adapter, Version=10.0.0.0, Culture=neutral, PublicKeyToken=b03f5f7f11d50a3a" className="UTests.UnitTest1, UTests, Version=1.0.0.0, Culture=neutral, PublicKeyToken=null" name="TestMethod7" />
    </UnitTest>
    <UnitTest name="TestMethod1" storage="d:\универ\6 семестр\твоп\3 блок\3\utests\bin\debug\utests.dll" id="28c1eea9-3bf7-8f9f-7a38-ae3b5ed34007">
      <Execution id="3fec1c7b-87f5-4a49-831e-f2aa71aae314" />
      <TestMethod codeBase="D:/универ/6 семестр/твоп/3 блок/3/UTests/bin/Debug/UTests.DLL" adapterTypeName="Microsoft.VisualStudio.TestTools.TestTypes.Unit.UnitTestAdapter, Microsoft.VisualStudio.QualityTools.Tips.UnitTest.Adapter, Version=10.0.0.0, Culture=neutral, PublicKeyToken=b03f5f7f11d50a3a" className="UTests.UnitTest1, UTests, Version=1.0.0.0, Culture=neutral, PublicKeyToken=null" name="TestMethod1" />
    </UnitTest>
    <UnitTest name="TestMethod6" storage="d:\универ\6 семестр\твоп\3 блок\3\utests\bin\debug\utests.dll" id="4156c605-3ad6-cca1-6085-9da7c62bf26f">
      <Execution id="ecdc81d7-ba05-4323-ab54-63bf8ca80551" />
      <TestMethod codeBase="D:/универ/6 семестр/твоп/3 блок/3/UTests/bin/Debug/UTests.DLL" adapterTypeName="Microsoft.VisualStudio.TestTools.TestTypes.Unit.UnitTestAdapter, Microsoft.VisualStudio.QualityTools.Tips.UnitTest.Adapter, Version=10.0.0.0, Culture=neutral, PublicKeyToken=b03f5f7f11d50a3a" className="UTests.UnitTest1, UTests, Version=1.0.0.0, Culture=neutral, PublicKeyToken=null" name="TestMethod6" />
    </UnitTest>
    <UnitTest name="TestMethod3" storage="d:\универ\6 семестр\твоп\3 блок\3\utests\bin\debug\utests.dll" id="8e26141a-dd1d-59cc-c6a4-6771cc97c26c">
      <Execution id="2f947a8c-3c82-436b-a626-56ed3f632ec2" />
      <TestMethod codeBase="D:/универ/6 семестр/твоп/3 блок/3/UTests/bin/Debug/UTests.DLL" adapterTypeName="Microsoft.VisualStudio.TestTools.TestTypes.Unit.UnitTestAdapter, Microsoft.VisualStudio.QualityTools.Tips.UnitTest.Adapter, Version=10.0.0.0, Culture=neutral, PublicKeyToken=b03f5f7f11d50a3a" className="UTests.UnitTest1, UTests, Version=1.0.0.0, Culture=neutral, PublicKeyToken=null" name="TestMethod3" />
    </UnitTest>
  </TestDefinitions>
  <TestLists>
    <TestList name="Отсутствующие в списке результаты" id="8c84fa94-04c1-424b-9868-57a2d4851a1d" />
    <TestList name="Все загруженные результаты" id="19431567-8539-422a-85d7-44ee4e166bda" />
  </TestLists>
  <TestEntries>
    <TestEntry testId="08d46847-8e69-ad66-ddb5-929578b49797" executionId="01174f66-d9b5-4ea0-8eda-03b3cb68e285" testListId="8c84fa94-04c1-424b-9868-57a2d4851a1d" />
    <TestEntry testId="28c1eea9-3bf7-8f9f-7a38-ae3b5ed34007" executionId="3fec1c7b-87f5-4a49-831e-f2aa71aae314" testListId="8c84fa94-04c1-424b-9868-57a2d4851a1d" />
    <TestEntry testId="4156c605-3ad6-cca1-6085-9da7c62bf26f" executionId="ecdc81d7-ba05-4323-ab54-63bf8ca80551" testListId="8c84fa94-04c1-424b-9868-57a2d4851a1d" />
    <TestEntry testId="8d2fc632-eaef-cb04-69d0-9d114f7b9b09" executionId="cf0f10d2-9912-4ab7-a25d-be068d2047b4" testListId="8c84fa94-04c1-424b-9868-57a2d4851a1d" />
    <TestEntry testId="8e26141a-dd1d-59cc-c6a4-6771cc97c26c" executionId="2f947a8c-3c82-436b-a626-56ed3f632ec2" testListId="8c84fa94-04c1-424b-9868-57a2d4851a1d" />
    <TestEntry testId="b0d38483-4483-bee0-1af7-2dd2c85c2026" executionId="50a8df1a-4cf9-49c9-bc08-dcc34804d443" testListId="8c84fa94-04c1-424b-9868-57a2d4851a1d" />
    <TestEntry testId="f45d2b56-5f35-a57c-657d-0217b6393cef" executionId="06ab2240-8543-4ae3-872f-4720cf9bc4e8" testListId="8c84fa94-04c1-424b-9868-57a2d4851a1d" />
  </TestEntries>
  <Results>
    <UnitTestResult executionId="01174f66-d9b5-4ea0-8eda-03b3cb68e285" testId="08d46847-8e69-ad66-ddb5-929578b49797" testName="TestMethod2" computerName="SAMSUNG-PC" duration="00:00:00.0782871" startTime="2018-03-23T13:50:21.7054065+03:00" endTime="2018-03-23T13:50:22.2234361+03:00" testType="13cdc9d9-ddb5-4fa4-a97d-d965ccfc6d4b" outcome="Failed" testListId="8c84fa94-04c1-424b-9868-57a2d4851a1d" relativeResultsDirectory="01174f66-d9b5-4ea0-8eda-03b3cb68e285">
      <Output>
        <ErrorInfo>
          <Message>Ошибка в Assert.AreEqual. Ожидается: &lt;True&gt;. Фактически: &lt;False&gt;. </Message>
          <StackTrace>   в UTests.UnitTest1.TestMethod2() в D:\универ\6 семестр\твоп\3 блок\3\UTests\UnitTest1.cs:строка 32
</StackTrace>
        </ErrorInfo>
      </Output>
    </UnitTestResult>
    <UnitTestResult executionId="3fec1c7b-87f5-4a49-831e-f2aa71aae314" testId="28c1eea9-3bf7-8f9f-7a38-ae3b5ed34007" testName="TestMethod1" computerName="SAMSUNG-PC" duration="00:00:00.0131467" startTime="2018-03-23T13:50:22.2284364+03:00" endTime="2018-03-23T13:50:22.2474375+03:00" testType="13cdc9d9-ddb5-4fa4-a97d-d965ccfc6d4b" outcome="Passed" testListId="8c84fa94-04c1-424b-9868-57a2d4851a1d" relativeResultsDirectory="3fec1c7b-87f5-4a49-831e-f2aa71aae314">
    </UnitTestResult>
    <UnitTestResult executionId="ecdc81d7-ba05-4323-ab54-63bf8ca80551" testId="4156c605-3ad6-cca1-6085-9da7c62bf26f" testName="TestMethod6" computerName="SAMSUNG-PC" duration="00:00:00.0108610" startTime="2018-03-23T13:50:22.2514377+03:00" endTime="2018-03-23T13:50:22.2664386+03:00" testType="13cdc9d9-ddb5-4fa4-a97d-d965ccfc6d4b" outcome="Passed" testListId="8c84fa94-04c1-424b-9868-57a2d4851a1d" relativeResultsDirectory="ecdc81d7-ba05-4323-ab54-63bf8ca80551">
    </UnitTestResult>
    <UnitTestResult executionId="cf0f10d2-9912-4ab7-a25d-be068d2047b4" testId="8d2fc632-eaef-cb04-69d0-9d114f7b9b09" testName="TestMethod4" computerName="SAMSUNG-PC" duration="00:00:00.0063761" startTime="2018-03-23T13:50:22.2824395+03:00" endTime="2018-03-23T13:50:22.2954402+03:00" testType="13cdc9d9-ddb5-4fa4-a97d-d965ccfc6d4b" outcome="Passed" testListId="8c84fa94-04c1-424b-9868-57a2d4851a1d" relativeResultsDirectory="cf0f10d2-9912-4ab7-a25d-be068d2047b4">
    </UnitTestResult>
    <UnitTestResult executionId="2f947a8c-3c82-436b-a626-56ed3f632ec2" testId="8e26141a-dd1d-59cc-c6a4-6771cc97c26c" testName="TestMethod3" computerName="SAMSUNG-PC" duration="00:00:00.0232459" startTime="2018-03-23T13:50:22.2994405+03:00" endTime="2018-03-23T13:50:22.3404428+03:00" testType="13cdc9d9-ddb5-4fa4-a97d-d965ccfc6d4b" outcome="Failed" testListId="8c84fa94-04c1-424b-9868-57a2d4851a1d" relativeResultsDirectory="2f947a8c-3c82-436b-a626-56ed3f632ec2">
      <Output>
        <ErrorInfo>
          <Message>Ошибка в Assert.AreEqual. Ожидается: &lt;True&gt;. Фактически: &lt;False&gt;. </Message>
          <StackTrace>   в UTests.UnitTest1.TestMethod3() в D:\универ\6 семестр\твоп\3 блок\3\UTests\UnitTest1.cs:строка 38
</StackTrace>
        </ErrorInfo>
      </Output>
    </UnitTestResult>
    <UnitTestResult executionId="50a8df1a-4cf9-49c9-bc08-dcc34804d443" testId="b0d38483-4483-bee0-1af7-2dd2c85c2026" testName="TestMethod7" computerName="SAMSUNG-PC" duration="00:00:00.0066224" startTime="2018-03-23T13:50:22.3494433+03:00" endTime="2018-03-23T13:50:22.3894456+03:00" testType="13cdc9d9-ddb5-4fa4-a97d-d965ccfc6d4b" outcome="Failed" testListId="8c84fa94-04c1-424b-9868-57a2d4851a1d" relativeResultsDirectory="50a8df1a-4cf9-49c9-bc08-dcc34804d443">
      <Output>
        <ErrorInfo>
          <Message>Ошибка в Assert.AreEqual. Ожидается: &lt;True&gt;. Фактически: &lt;False&gt;. </Message>
          <StackTrace>   в UTests.UnitTest1.TestMethod7() в D:\универ\6 семестр\твоп\3 блок\3\UTests\UnitTest1.cs:строка 62
</StackTrace>
        </ErrorInfo>
      </Output>
    </UnitTestResult>
    <UnitTestResult executionId="06ab2240-8543-4ae3-872f-4720cf9bc4e8" testId="f45d2b56-5f35-a57c-657d-0217b6393cef" testName="TestMethod5" computerName="SAMSUNG-PC" duration="00:00:00.0069626" startTime="2018-03-23T13:50:22.3934458+03:00" endTime="2018-03-23T13:50:22.4104468+03:00" testType="13cdc9d9-ddb5-4fa4-a97d-d965ccfc6d4b" outcome="Failed" testListId="8c84fa94-04c1-424b-9868-57a2d4851a1d" relativeResultsDirectory="06ab2240-8543-4ae3-872f-4720cf9bc4e8">
      <Output>
        <ErrorInfo>
          <Message>Ошибка в Assert.AreEqual. Ожидается: &lt;True&gt;. Фактически: &lt;False&gt;. </Message>
          <StackTrace>   в UTests.UnitTest1.TestMethod5() в D:\универ\6 семестр\твоп\3 блок\3\UTests\UnitTest1.cs:строка 50
</StackTrace>
        </ErrorInfo>
      </Output>
    </UnitTestResult>
  </Results>
</TestRun>